COMMAND LINE:
"D:\CSIR\bin\vina.exe" --receptor "D:\CSIR\docking\receptors\COL15A1_3N3F_experimental.pdbqt" --ligand "D:\CSIR\docking\ligands\Pirfenidone.pdbqt" --center_x -5.59 --center_y 10.53 --center_z -8.79 --size_x 30 --size_y 30 --size_z 30 --exhaustiveness 8 --num_modes 9 --out "D:\CSIR\docking\output\COL15A1_3N3F_Pirfenidone_out.pdbqt"

STDOUT:
AutoDock Vina v1.2.7
#################################################################
# If you used AutoDock Vina in your work, please cite:          #
#                                                               #
# J. Eberhardt, D. Santos-Martins, A. F. Tillack, and S. Forli  #
# AutoDock Vina 1.2.0: New Docking Methods, Expanded Force      #
# Field, and Python Bindings, J. Chem. Inf. Model. (2021)       #
# DOI 10.1021/acs.jcim.1c00203                                  #
#                                                               #
# O. Trott, A. J. Olson,                                        #
# AutoDock Vina: improving the speed and accuracy of docking    #
# with a new scoring function, efficient optimization and       #
# multithreading, J. Comp. Chem. (2010)                         #
# DOI 10.1002/jcc.21334                                         #
#                                                               #
# Please see https://github.com/ccsb-scripps/AutoDock-Vina for  #
# more information.                                             #
#################################################################

Scoring function : vina
Rigid receptor: D:\CSIR\docking\receptors\COL15A1_3N3F_experimental.pdbqt
Ligand: D:\CSIR\docking\ligands\Pirfenidone.pdbqt
Grid center: X -5.59 Y 10.53 Z -8.79
Grid size  : X 30 Y 30 Z 30
Grid space : 0.375
Exhaustiveness: 8
CPU: 0
Verbosity: 1

Computing Vina grid ... done.
Performing docking (random seed: 1284265547) ... 
0%   10   20   30   40   50   60   70   80   90   100%
|----|----|----|----|----|----|----|----|----|----|
***************************************************

mode |   affinity | dist from best mode
     | (kcal/mol) | rmsd l.b.| rmsd u.b.
-----+------------+----------+----------
   1       -5.195          0          0
   2       -5.189      1.471      5.095
   3       -4.977      1.929      2.528
   4       -4.896      1.348      2.598
   5        -4.85      1.972       5.29
   6       -4.832      3.932      5.845
   7       -4.823      1.848      5.389
   8       -4.753      3.964      5.877
   9       -4.643       9.34      11.12


STDERR:
WARNING: At low exhaustiveness, it may be impossible to utilize all CPUs.

