COMMAND LINE:
"D:\CSIR\bin\vina.exe" --receptor "D:\CSIR\docking\receptors\SERPINE2_4DY0_experimental.pdbqt" --ligand "D:\CSIR\docking\ligands\Camostat.pdbqt" --center_x 21.88 --center_y -45.6 --center_z 34.87 --size_x 30 --size_y 30 --size_z 30 --exhaustiveness 8 --num_modes 9 --out "D:\CSIR\docking\output\SERPINE2_4DY0_Camostat_out.pdbqt"

STDOUT:
AutoDock Vina v1.2.7
#################################################################
# If you used AutoDock Vina in your work, please cite:          #
#                                                               #
# J. Eberhardt, D. Santos-Martins, A. F. Tillack, and S. Forli  #
# AutoDock Vina 1.2.0: New Docking Methods, Expanded Force      #
# Field, and Python Bindings, J. Chem. Inf. Model. (2021)       #
# DOI 10.1021/acs.jcim.1c00203                                  #
#                                                               #
# O. Trott, A. J. Olson,                                        #
# AutoDock Vina: improving the speed and accuracy of docking    #
# with a new scoring function, efficient optimization and       #
# multithreading, J. Comp. Chem. (2010)                         #
# DOI 10.1002/jcc.21334                                         #
#                                                               #
# Please see https://github.com/ccsb-scripps/AutoDock-Vina for  #
# more information.                                             #
#################################################################

Scoring function : vina
Rigid receptor: D:\CSIR\docking\receptors\SERPINE2_4DY0_experimental.pdbqt
Ligand: D:\CSIR\docking\ligands\Camostat.pdbqt
Grid center: X 21.88 Y -45.6 Z 34.87
Grid size  : X 30 Y 30 Z 30
Grid space : 0.375
Exhaustiveness: 8
CPU: 0
Verbosity: 1

Computing Vina grid ... done.
Performing docking (random seed: -653524654) ... 
0%   10   20   30   40   50   60   70   80   90   100%
|----|----|----|----|----|----|----|----|----|----|
***************************************************

mode |   affinity | dist from best mode
     | (kcal/mol) | rmsd l.b.| rmsd u.b.
-----+------------+----------+----------
   1       -8.001          0          0
   2       -7.771       12.4      16.28
   3       -7.689      12.79      16.12
   4       -7.677      12.52      14.76
   5        -7.62      3.141      7.654
   6         -7.6      12.95      15.88
   7       -7.552      12.93      15.87
   8       -7.498      12.37      15.64
   9       -7.491      14.45      17.18


STDERR:
WARNING: At low exhaustiveness, it may be impossible to utilize all CPUs.

