COMMAND LINE:
"D:\CSIR\bin\vina.exe" --receptor "D:\CSIR\docking\receptors\SERPINE2_AF_predicted.pdbqt" --ligand "D:\CSIR\docking\ligands\Camostat.pdbqt" --center_x 3.53 --center_y 0.42 --center_z 2.52 --size_x 30 --size_y 30 --size_z 30 --exhaustiveness 8 --num_modes 9 --out "D:\CSIR\docking\output\SERPINE2_AF_Camostat_out.pdbqt"

STDOUT:
AutoDock Vina v1.2.7
#################################################################
# If you used AutoDock Vina in your work, please cite:          #
#                                                               #
# J. Eberhardt, D. Santos-Martins, A. F. Tillack, and S. Forli  #
# AutoDock Vina 1.2.0: New Docking Methods, Expanded Force      #
# Field, and Python Bindings, J. Chem. Inf. Model. (2021)       #
# DOI 10.1021/acs.jcim.1c00203                                  #
#                                                               #
# O. Trott, A. J. Olson,                                        #
# AutoDock Vina: improving the speed and accuracy of docking    #
# with a new scoring function, efficient optimization and       #
# multithreading, J. Comp. Chem. (2010)                         #
# DOI 10.1002/jcc.21334                                         #
#                                                               #
# Please see https://github.com/ccsb-scripps/AutoDock-Vina for  #
# more information.                                             #
#################################################################

Scoring function : vina
Rigid receptor: D:\CSIR\docking\receptors\SERPINE2_AF_predicted.pdbqt
Ligand: D:\CSIR\docking\ligands\Camostat.pdbqt
Grid center: X 3.53 Y 0.42 Z 2.52
Grid size  : X 30 Y 30 Z 30
Grid space : 0.375
Exhaustiveness: 8
CPU: 0
Verbosity: 1

Computing Vina grid ... done.
Performing docking (random seed: 335215242) ... 
0%   10   20   30   40   50   60   70   80   90   100%
|----|----|----|----|----|----|----|----|----|----|
***************************************************

mode |   affinity | dist from best mode
     | (kcal/mol) | rmsd l.b.| rmsd u.b.
-----+------------+----------+----------
   1       -6.247          0          0
   2       -5.991      1.332      2.402
   3        -5.65      1.469      2.345
   4       -5.643      15.87      19.55
   5       -5.547      16.31      19.95
   6       -5.529      2.511      3.787
   7       -5.304      15.03      19.15
   8       -5.293      3.842      6.534
   9       -5.286      14.66      16.73


STDERR:
WARNING: At low exhaustiveness, it may be impossible to utilize all CPUs.

