2026-09-21 16:22:58,758 INFO:main.py:246:print_splash_screen:PDB2PQR v3.7.1: biomolecular structure conversion software.
2026-09-21 16:22:58,759 INFO:main.py:248:print_splash_screen:Please cite:  Jurrus E, et al.  Improvements to the APBS biomolecular solvation software suite.  Protein Sci 27 112-128 (2018).
2026-09-21 16:22:58,759 INFO:main.py:248:print_splash_screen:Please cite:  Dolinsky TJ, et al.  PDB2PQR: expanding and upgrading automated preparation of biomolecular structures for molecular simulations. Nucleic Acids Res 35 W522-W525 (2007).
2026-09-21 16:22:58,759 INFO:main.py:770:main_driver:Checking and transforming input arguments.
2026-09-21 16:22:58,759 INFO:main.py:774:main_driver:Loading topology files.
2026-09-21 16:22:58,848 INFO:main.py:776:main_driver:Loading molecule: docking/structures/3N3F.pdb
2026-09-21 16:22:58,855 INFO:main.py:779:main_driver:Dropping water from structure.
2026-09-21 16:22:58,856 INFO:main.py:781:main_driver:Setting up molecule.
2026-09-21 16:22:58,862 INFO:main.py:423:setup_molecule:Created biomolecule object with 107 residues and 874 atoms.
2026-09-21 16:22:58,862 INFO:main.py:785:main_driver:Setting termini states for biomolecule chains.
2026-09-21 16:22:58,865 INFO:main.py:616:non_trivial:Loading forcefield.
2026-09-21 16:22:58,874 INFO:main.py:620:non_trivial:Loading hydrogen topology definitions.
2026-09-21 16:22:58,876 INFO:main.py:474:is_repairable:This biomolecule is clean.  No repair needed.
2026-09-21 16:22:58,877 INFO:main.py:635:non_trivial:Updating disulfide bridges.
2026-09-21 16:22:58,877 INFO:main.py:661:non_trivial:Adding hydrogens to biomolecule.
2026-09-21 16:22:59,019 INFO:main.py:666:non_trivial:Optimizing hydrogen bonds
2026-09-21 16:22:59,019 INFO:__init__.py:375:initialize_wat_optimization:Initializing water bonding optimization...
2026-09-21 16:22:59,073 INFO:main.py:678:non_trivial:Applying force field to biomolecule states.
2026-09-21 16:22:59,075 INFO:main.py:725:non_trivial:Regenerating headers.
2026-09-21 16:22:59,076 INFO:main.py:750:non_trivial:Regenerating PDB lines.
2026-09-21 16:22:59,090 WARNING:main.py:326:print_pqr:Ignoring 391 header lines in output.
2026-09-21 16:23:17,321 INFO:main.py:246:print_splash_screen:PDB2PQR v3.7.1: biomolecular structure conversion software.
2026-09-21 16:23:17,321 INFO:main.py:248:print_splash_screen:Please cite:  Jurrus E, et al.  Improvements to the APBS biomolecular solvation software suite.  Protein Sci 27 112-128 (2018).
2026-09-21 16:23:17,321 INFO:main.py:248:print_splash_screen:Please cite:  Dolinsky TJ, et al.  PDB2PQR: expanding and upgrading automated preparation of biomolecular structures for molecular simulations. Nucleic Acids Res 35 W522-W525 (2007).
2026-09-21 16:23:17,321 INFO:main.py:770:main_driver:Checking and transforming input arguments.
2026-09-21 16:23:17,322 INFO:main.py:774:main_driver:Loading topology files.
2026-09-21 16:23:17,412 INFO:main.py:776:main_driver:Loading molecule: docking/structures/3N3F.pdb
2026-09-21 16:23:17,421 INFO:main.py:779:main_driver:Dropping water from structure.
2026-09-21 16:23:17,423 INFO:main.py:781:main_driver:Setting up molecule.
2026-09-21 16:23:17,428 INFO:main.py:423:setup_molecule:Created biomolecule object with 107 residues and 874 atoms.
2026-09-21 16:23:17,429 INFO:main.py:785:main_driver:Setting termini states for biomolecule chains.
2026-09-21 16:23:17,433 INFO:main.py:616:non_trivial:Loading forcefield.
2026-09-21 16:23:17,442 INFO:main.py:620:non_trivial:Loading hydrogen topology definitions.
2026-09-21 16:23:17,444 INFO:main.py:474:is_repairable:This biomolecule is clean.  No repair needed.
2026-09-21 16:23:17,444 INFO:main.py:635:non_trivial:Updating disulfide bridges.
2026-09-21 16:23:17,444 INFO:main.py:661:non_trivial:Adding hydrogens to biomolecule.
2026-09-21 16:23:17,582 INFO:main.py:666:non_trivial:Optimizing hydrogen bonds
2026-09-21 16:23:17,583 INFO:__init__.py:375:initialize_wat_optimization:Initializing water bonding optimization...
2026-09-21 16:23:17,641 INFO:main.py:678:non_trivial:Applying force field to biomolecule states.
2026-09-21 16:23:17,644 INFO:main.py:725:non_trivial:Regenerating headers.
2026-09-21 16:23:17,645 INFO:main.py:750:non_trivial:Regenerating PDB lines.
2026-09-21 16:23:17,660 WARNING:main.py:326:print_pqr:Ignoring 391 header lines in output.
