2026-09-21 16:22:56,951 INFO:main.py:246:print_splash_screen:PDB2PQR v3.7.1: biomolecular structure conversion software.
2026-09-21 16:22:56,951 INFO:main.py:248:print_splash_screen:Please cite:  Jurrus E, et al.  Improvements to the APBS biomolecular solvation software suite.  Protein Sci 27 112-128 (2018).
2026-09-21 16:22:56,952 INFO:main.py:248:print_splash_screen:Please cite:  Dolinsky TJ, et al.  PDB2PQR: expanding and upgrading automated preparation of biomolecular structures for molecular simulations. Nucleic Acids Res 35 W522-W525 (2007).
2026-09-21 16:22:56,952 INFO:main.py:770:main_driver:Checking and transforming input arguments.
2026-09-21 16:22:56,953 INFO:main.py:774:main_driver:Loading topology files.
2026-09-21 16:22:57,045 INFO:main.py:776:main_driver:Loading molecule: docking/structures/1Q7D.pdb
2026-09-21 16:22:57,055 INFO:main.py:779:main_driver:Dropping water from structure.
2026-09-21 16:22:57,056 INFO:main.py:781:main_driver:Setting up molecule.
2026-09-21 16:22:57,056 WARNING:biomolecule.py:995:create_residue:Unable to find amino or nucleic acid definition for ACE.  Parsing as new residue.
2026-09-21 16:22:57,057 WARNING:biomolecule.py:995:create_residue:Unable to find amino or nucleic acid definition for HYP.  Parsing as new residue.
2026-09-21 16:22:57,057 WARNING:biomolecule.py:995:create_residue:Unable to find amino or nucleic acid definition for HYP.  Parsing as new residue.
2026-09-21 16:22:57,057 WARNING:biomolecule.py:995:create_residue:Unable to find amino or nucleic acid definition for HYP.  Parsing as new residue.
2026-09-21 16:22:57,058 WARNING:biomolecule.py:995:create_residue:Unable to find amino or nucleic acid definition for HYP.  Parsing as new residue.
2026-09-21 16:22:57,059 WARNING:biomolecule.py:995:create_residue:Unable to find amino or nucleic acid definition for HYP.  Parsing as new residue.
2026-09-21 16:22:57,059 WARNING:biomolecule.py:995:create_residue:Unable to find amino or nucleic acid definition for HYP.  Parsing as new residue.
2026-09-21 16:22:57,059 WARNING:biomolecule.py:995:create_residue:Unable to find amino or nucleic acid definition for NH2.  Parsing as new residue.
2026-09-21 16:22:57,060 WARNING:biomolecule.py:995:create_residue:Unable to find amino or nucleic acid definition for ACE.  Parsing as new residue.
2026-09-21 16:22:57,060 WARNING:io.py:44:filter:Suppressing further "Unable to find amino or nucleic acid definition for" messages
2026-09-21 16:22:57,062 INFO:main.py:423:setup_molecule:Created biomolecule object with 67 residues and 429 atoms.
2026-09-21 16:22:57,062 INFO:main.py:785:main_driver:Setting termini states for biomolecule chains.
2026-09-21 16:22:57,063 INFO:main.py:616:non_trivial:Loading forcefield.
2026-09-21 16:22:57,071 INFO:main.py:620:non_trivial:Loading hydrogen topology definitions.
2026-09-21 16:22:57,073 WARNING:biomolecule.py:157:num_missing_heavy:Missing atom OXT in residue PRO C 21
2026-09-21 16:22:57,074 WARNING:biomolecule.py:157:num_missing_heavy:Missing atom OXT in residue PRO C 21
2026-09-21 16:22:57,074 INFO:main.py:630:non_trivial:Attempting to repair 1 missing atoms in biomolecule.
2026-09-21 16:22:57,075 WARNING:biomolecule.py:157:num_missing_heavy:Missing atom OXT in residue PRO C 21
2026-09-21 16:22:57,075 INFO:biomolecule.py:1080:repair_heavy:Added atom OXT to residue PRO C 21 at coordinates 5.091, 63.462, -0.013
2026-09-21 16:22:57,075 INFO:main.py:635:non_trivial:Updating disulfide bridges.
2026-09-21 16:22:57,076 INFO:main.py:661:non_trivial:Adding hydrogens to biomolecule.
2026-09-21 16:22:57,114 INFO:main.py:666:non_trivial:Optimizing hydrogen bonds
2026-09-21 16:22:57,114 INFO:__init__.py:375:initialize_wat_optimization:Initializing water bonding optimization...
2026-09-21 16:22:57,123 INFO:main.py:678:non_trivial:Applying force field to biomolecule states.
2026-09-21 16:22:57,124 WARNING:biomolecule.py:744:apply_force_field:Residue ACE A 1 has non-integer charge: -0.3369 deviates by 0.3369 from integral, exceeding error tolerance 0.001. 
2026-09-21 16:22:57,124 WARNING:biomolecule.py:744:apply_force_field:Residue ACE B 1 has non-integer charge: -0.3369 deviates by 0.3369 from integral, exceeding error tolerance 0.001. 
2026-09-21 16:22:57,124 WARNING:biomolecule.py:744:apply_force_field:Residue ACE C 1 has non-integer charge: -0.3369 deviates by 0.3369 from integral, exceeding error tolerance 0.001. 
2026-09-21 16:22:57,125 WARNING:main.py:711:non_trivial:Residue ACE A 1 has non-integer charge:  -0.3369 deviates by 0.3369 from integral, exceeding error tolerance 0.001
2026-09-21 16:22:57,125 WARNING:main.py:711:non_trivial:Residue ACE B 1 has non-integer charge:  -0.3369 deviates by 0.3369 from integral, exceeding error tolerance 0.001
2026-09-21 16:22:57,125 WARNING:main.py:711:non_trivial:Residue ACE C 1 has non-integer charge:  -0.3369 deviates by 0.3369 from integral, exceeding error tolerance 0.001
2026-09-21 16:22:57,125 CRITICAL:main.py:811:main_driver:-2.0107 deviates by 0.010699999999999932 from integral, exceeding error tolerance 0.001
2026-09-21 16:22:57,125 CRITICAL:main.py:812:main_driver:Giving up.
2026-09-21 16:23:15,499 INFO:main.py:246:print_splash_screen:PDB2PQR v3.7.1: biomolecular structure conversion software.
2026-09-21 16:23:15,499 INFO:main.py:248:print_splash_screen:Please cite:  Jurrus E, et al.  Improvements to the APBS biomolecular solvation software suite.  Protein Sci 27 112-128 (2018).
2026-09-21 16:23:15,499 INFO:main.py:248:print_splash_screen:Please cite:  Dolinsky TJ, et al.  PDB2PQR: expanding and upgrading automated preparation of biomolecular structures for molecular simulations. Nucleic Acids Res 35 W522-W525 (2007).
2026-09-21 16:23:15,500 INFO:main.py:770:main_driver:Checking and transforming input arguments.
2026-09-21 16:23:15,500 INFO:main.py:774:main_driver:Loading topology files.
2026-09-21 16:23:15,597 INFO:main.py:776:main_driver:Loading molecule: docking/structures/1Q7D.pdb
2026-09-21 16:23:15,605 INFO:main.py:779:main_driver:Dropping water from structure.
2026-09-21 16:23:15,606 INFO:main.py:781:main_driver:Setting up molecule.
2026-09-21 16:23:15,606 WARNING:biomolecule.py:995:create_residue:Unable to find amino or nucleic acid definition for ACE.  Parsing as new residue.
2026-09-21 16:23:15,607 WARNING:biomolecule.py:995:create_residue:Unable to find amino or nucleic acid definition for HYP.  Parsing as new residue.
2026-09-21 16:23:15,607 WARNING:biomolecule.py:995:create_residue:Unable to find amino or nucleic acid definition for HYP.  Parsing as new residue.
2026-09-21 16:23:15,607 WARNING:biomolecule.py:995:create_residue:Unable to find amino or nucleic acid definition for HYP.  Parsing as new residue.
2026-09-21 16:23:15,608 WARNING:biomolecule.py:995:create_residue:Unable to find amino or nucleic acid definition for HYP.  Parsing as new residue.
2026-09-21 16:23:15,609 WARNING:biomolecule.py:995:create_residue:Unable to find amino or nucleic acid definition for HYP.  Parsing as new residue.
2026-09-21 16:23:15,609 WARNING:biomolecule.py:995:create_residue:Unable to find amino or nucleic acid definition for HYP.  Parsing as new residue.
2026-09-21 16:23:15,610 WARNING:biomolecule.py:995:create_residue:Unable to find amino or nucleic acid definition for NH2.  Parsing as new residue.
2026-09-21 16:23:15,610 WARNING:biomolecule.py:995:create_residue:Unable to find amino or nucleic acid definition for ACE.  Parsing as new residue.
2026-09-21 16:23:15,610 WARNING:io.py:44:filter:Suppressing further "Unable to find amino or nucleic acid definition for" messages
2026-09-21 16:23:15,613 INFO:main.py:423:setup_molecule:Created biomolecule object with 67 residues and 429 atoms.
2026-09-21 16:23:15,613 INFO:main.py:785:main_driver:Setting termini states for biomolecule chains.
2026-09-21 16:23:15,615 INFO:main.py:616:non_trivial:Loading forcefield.
2026-09-21 16:23:15,624 INFO:main.py:620:non_trivial:Loading hydrogen topology definitions.
2026-09-21 16:23:15,626 WARNING:biomolecule.py:157:num_missing_heavy:Missing atom OXT in residue PRO C 21
2026-09-21 16:23:15,626 WARNING:biomolecule.py:157:num_missing_heavy:Missing atom OXT in residue PRO C 21
2026-09-21 16:23:15,626 INFO:main.py:630:non_trivial:Attempting to repair 1 missing atoms in biomolecule.
2026-09-21 16:23:15,626 WARNING:biomolecule.py:157:num_missing_heavy:Missing atom OXT in residue PRO C 21
2026-09-21 16:23:15,627 INFO:biomolecule.py:1080:repair_heavy:Added atom OXT to residue PRO C 21 at coordinates 5.091, 63.462, -0.013
2026-09-21 16:23:15,627 INFO:main.py:635:non_trivial:Updating disulfide bridges.
2026-09-21 16:23:15,627 INFO:main.py:661:non_trivial:Adding hydrogens to biomolecule.
2026-09-21 16:23:15,669 INFO:main.py:666:non_trivial:Optimizing hydrogen bonds
2026-09-21 16:23:15,669 INFO:__init__.py:375:initialize_wat_optimization:Initializing water bonding optimization...
2026-09-21 16:23:15,678 INFO:main.py:678:non_trivial:Applying force field to biomolecule states.
2026-09-21 16:23:15,678 WARNING:biomolecule.py:744:apply_force_field:Residue ACE A 1 has non-integer charge: -0.3369 deviates by 0.3369 from integral, exceeding error tolerance 0.001. 
2026-09-21 16:23:15,679 WARNING:biomolecule.py:744:apply_force_field:Residue ACE B 1 has non-integer charge: -0.3369 deviates by 0.3369 from integral, exceeding error tolerance 0.001. 
2026-09-21 16:23:15,679 WARNING:biomolecule.py:744:apply_force_field:Residue ACE C 1 has non-integer charge: -0.3369 deviates by 0.3369 from integral, exceeding error tolerance 0.001. 
2026-09-21 16:23:15,680 WARNING:main.py:711:non_trivial:Residue ACE A 1 has non-integer charge:  -0.3369 deviates by 0.3369 from integral, exceeding error tolerance 0.001
2026-09-21 16:23:15,680 WARNING:main.py:711:non_trivial:Residue ACE B 1 has non-integer charge:  -0.3369 deviates by 0.3369 from integral, exceeding error tolerance 0.001
2026-09-21 16:23:15,680 WARNING:main.py:711:non_trivial:Residue ACE C 1 has non-integer charge:  -0.3369 deviates by 0.3369 from integral, exceeding error tolerance 0.001
2026-09-21 16:23:15,680 CRITICAL:main.py:811:main_driver:-2.0107 deviates by 0.010699999999999932 from integral, exceeding error tolerance 0.001
2026-09-21 16:23:15,680 CRITICAL:main.py:812:main_driver:Giving up.
