2026-09-21 16:22:51,450 INFO:main.py:246:print_splash_screen:PDB2PQR v3.7.1: biomolecular structure conversion software.
2026-09-21 16:22:51,450 INFO:main.py:248:print_splash_screen:Please cite:  Jurrus E, et al.  Improvements to the APBS biomolecular solvation software suite.  Protein Sci 27 112-128 (2018).
2026-09-21 16:22:51,450 INFO:main.py:248:print_splash_screen:Please cite:  Dolinsky TJ, et al.  PDB2PQR: expanding and upgrading automated preparation of biomolecular structures for molecular simulations. Nucleic Acids Res 35 W522-W525 (2007).
2026-09-21 16:22:51,451 INFO:main.py:770:main_driver:Checking and transforming input arguments.
2026-09-21 16:22:51,451 INFO:main.py:774:main_driver:Loading topology files.
2026-09-21 16:22:51,524 INFO:main.py:776:main_driver:Loading molecule: docking/structures/AF-P07093-F1.pdb
2026-09-21 16:22:51,541 INFO:main.py:779:main_driver:Dropping water from structure.
2026-09-21 16:22:51,543 INFO:main.py:781:main_driver:Setting up molecule.
2026-09-21 16:22:51,561 INFO:main.py:423:setup_molecule:Created biomolecule object with 398 residues and 3097 atoms.
2026-09-21 16:22:51,562 INFO:main.py:785:main_driver:Setting termini states for biomolecule chains.
2026-09-21 16:22:51,575 INFO:main.py:616:non_trivial:Loading forcefield.
2026-09-21 16:22:51,583 INFO:main.py:620:non_trivial:Loading hydrogen topology definitions.
2026-09-21 16:22:51,586 INFO:main.py:474:is_repairable:This biomolecule is clean.  No repair needed.
2026-09-21 16:22:51,586 INFO:main.py:635:non_trivial:Updating disulfide bridges.
2026-09-21 16:22:51,587 INFO:main.py:661:non_trivial:Adding hydrogens to biomolecule.
2026-09-21 16:22:52,048 INFO:main.py:666:non_trivial:Optimizing hydrogen bonds
2026-09-21 16:22:52,048 INFO:__init__.py:375:initialize_wat_optimization:Initializing water bonding optimization...
2026-09-21 16:22:52,243 INFO:main.py:678:non_trivial:Applying force field to biomolecule states.
2026-09-21 16:22:52,252 INFO:main.py:725:non_trivial:Regenerating headers.
2026-09-21 16:22:52,255 INFO:main.py:750:non_trivial:Regenerating PDB lines.
2026-09-21 16:22:52,310 WARNING:main.py:326:print_pqr:Ignoring 391 header lines in output.
2026-09-21 16:23:10,534 INFO:main.py:246:print_splash_screen:PDB2PQR v3.7.1: biomolecular structure conversion software.
2026-09-21 16:23:10,534 INFO:main.py:248:print_splash_screen:Please cite:  Jurrus E, et al.  Improvements to the APBS biomolecular solvation software suite.  Protein Sci 27 112-128 (2018).
2026-09-21 16:23:10,534 INFO:main.py:248:print_splash_screen:Please cite:  Dolinsky TJ, et al.  PDB2PQR: expanding and upgrading automated preparation of biomolecular structures for molecular simulations. Nucleic Acids Res 35 W522-W525 (2007).
2026-09-21 16:23:10,534 INFO:main.py:770:main_driver:Checking and transforming input arguments.
2026-09-21 16:23:10,535 INFO:main.py:774:main_driver:Loading topology files.
2026-09-21 16:23:10,605 INFO:main.py:776:main_driver:Loading molecule: docking/structures/AF-P07093-F1.pdb
2026-09-21 16:23:10,620 INFO:main.py:779:main_driver:Dropping water from structure.
2026-09-21 16:23:10,623 INFO:main.py:781:main_driver:Setting up molecule.
2026-09-21 16:23:10,639 INFO:main.py:423:setup_molecule:Created biomolecule object with 398 residues and 3097 atoms.
2026-09-21 16:23:10,639 INFO:main.py:785:main_driver:Setting termini states for biomolecule chains.
2026-09-21 16:23:10,648 INFO:main.py:616:non_trivial:Loading forcefield.
2026-09-21 16:23:10,656 INFO:main.py:620:non_trivial:Loading hydrogen topology definitions.
2026-09-21 16:23:10,659 INFO:main.py:474:is_repairable:This biomolecule is clean.  No repair needed.
2026-09-21 16:23:10,659 INFO:main.py:635:non_trivial:Updating disulfide bridges.
2026-09-21 16:23:10,659 INFO:main.py:661:non_trivial:Adding hydrogens to biomolecule.
2026-09-21 16:23:11,091 INFO:main.py:666:non_trivial:Optimizing hydrogen bonds
2026-09-21 16:23:11,092 INFO:__init__.py:375:initialize_wat_optimization:Initializing water bonding optimization...
2026-09-21 16:23:11,252 INFO:main.py:678:non_trivial:Applying force field to biomolecule states.
2026-09-21 16:23:11,258 INFO:main.py:725:non_trivial:Regenerating headers.
2026-09-21 16:23:11,259 INFO:main.py:750:non_trivial:Regenerating PDB lines.
2026-09-21 16:23:11,304 WARNING:main.py:326:print_pqr:Ignoring 391 header lines in output.
